Archive member included to satisfy reference by file (symbol)

/Applications/ArmGNUToolchain/13.3.rel1/arm-none-eabi/bin/../lib/gcc/arm-none-eabi/13.3.1/../../../../arm-none-eabi/lib/thumb/v7e-m+fp/hard/libc_nano.a(libc_a-exit.o)
                              /Applications/ArmGNUToolchain/13.3.rel1/arm-none-eabi/bin/../lib/gcc/arm-none-eabi/13.3.1/../../../../arm-none-eabi/lib/thumb/v7e-m+fp/hard/crt0.o (exit)
/Applications/ArmGNUToolchain/13.3.rel1/arm-none-eabi/bin/../lib/gcc/arm-none-eabi/13.3.1/../../../../arm-none-eabi/lib/thumb/v7e-m+fp/hard/libc_nano.a(libc_a-findfp.o)
                              /Applications/ArmGNUToolchain/13.3.rel1/arm-none-eabi/bin/../lib/gcc/arm-none-eabi/13.3.1/../../../../arm-none-eabi/lib/thumb/v7e-m+fp/hard/libc_nano.a(libc_a-exit.o) (__stdio_exit_handler)
/Applications/ArmGNUToolchain/13.3.rel1/arm-none-eabi/bin/../lib/gcc/arm-none-eabi/13.3.1/../../../../arm-none-eabi/lib/thumb/v7e-m+fp/hard/libc_nano.a(libc_a-fwalk.o)
                              /Applications/ArmGNUToolchain/13.3.rel1/arm-none-eabi/bin/../lib/gcc/arm-none-eabi/13.3.1/../../../../arm-none-eabi/lib/thumb/v7e-m+fp/hard/libc_nano.a(libc_a-findfp.o) (_fwalk_sglue)
/Applications/ArmGNUToolchain/13.3.rel1/arm-none-eabi/bin/../lib/gcc/arm-none-eabi/13.3.1/../../../../arm-none-eabi/lib/thumb/v7e-m+fp/hard/libc_nano.a(libc_a-memset.o)
                              /Applications/ArmGNUToolchain/13.3.rel1/arm-none-eabi/bin/../lib/gcc/arm-none-eabi/13.3.1/../../../../arm-none-eabi/lib/thumb/v7e-m+fp/hard/crt0.o (memset)
/Applications/ArmGNUToolchain/13.3.rel1/arm-none-eabi/bin/../lib/gcc/arm-none-eabi/13.3.1/../../../../arm-none-eabi/lib/thumb/v7e-m+fp/hard/libc_nano.a(libc_a-init.o)
                              /Applications/ArmGNUToolchain/13.3.rel1/arm-none-eabi/bin/../lib/gcc/arm-none-eabi/13.3.1/../../../../arm-none-eabi/lib/thumb/v7e-m+fp/hard/crt0.o (__libc_init_array)
/Applications/ArmGNUToolchain/13.3.rel1/arm-none-eabi/bin/../lib/gcc/arm-none-eabi/13.3.1/../../../../arm-none-eabi/lib/thumb/v7e-m+fp/hard/libc_nano.a(libc_a-lock.o)
                              /Applications/ArmGNUToolchain/13.3.rel1/arm-none-eabi/bin/../lib/gcc/arm-none-eabi/13.3.1/../../../../arm-none-eabi/lib/thumb/v7e-m+fp/hard/libc_nano.a(libc_a-findfp.o) (__retarget_lock_init_recursive)
/Applications/ArmGNUToolchain/13.3.rel1/arm-none-eabi/bin/../lib/gcc/arm-none-eabi/13.3.1/../../../../arm-none-eabi/lib/thumb/v7e-m+fp/hard/libc_nano.a(libc_a-impure.o)
                              /Applications/ArmGNUToolchain/13.3.rel1/arm-none-eabi/bin/../lib/gcc/arm-none-eabi/13.3.1/../../../../arm-none-eabi/lib/thumb/v7e-m+fp/hard/libc_nano.a(libc_a-findfp.o) (_impure_data)
/Applications/ArmGNUToolchain/13.3.rel1/arm-none-eabi/bin/../lib/gcc/arm-none-eabi/13.3.1/../../../../arm-none-eabi/lib/thumb/v7e-m+fp/hard/libc_nano.a(libc_a-mallocr.o)
                              /Applications/ArmGNUToolchain/13.3.rel1/arm-none-eabi/bin/../lib/gcc/arm-none-eabi/13.3.1/../../../../arm-none-eabi/lib/thumb/v7e-m+fp/hard/libc_nano.a(libc_a-findfp.o) (_malloc_r)
/Applications/ArmGNUToolchain/13.3.rel1/arm-none-eabi/bin/../lib/gcc/arm-none-eabi/13.3.1/../../../../arm-none-eabi/lib/thumb/v7e-m+fp/hard/libc_nano.a(libc_a-fflush.o)
                              /Applications/ArmGNUToolchain/13.3.rel1/arm-none-eabi/bin/../lib/gcc/arm-none-eabi/13.3.1/../../../../arm-none-eabi/lib/thumb/v7e-m+fp/hard/libc_nano.a(libc_a-findfp.o) (_fflush_r)
/Applications/ArmGNUToolchain/13.3.rel1/arm-none-eabi/bin/../lib/gcc/arm-none-eabi/13.3.1/../../../../arm-none-eabi/lib/thumb/v7e-m+fp/hard/libc_nano.a(libc_a-mlock.o)
                              /Applications/ArmGNUToolchain/13.3.rel1/arm-none-eabi/bin/../lib/gcc/arm-none-eabi/13.3.1/../../../../arm-none-eabi/lib/thumb/v7e-m+fp/hard/libc_nano.a(libc_a-mallocr.o) (__malloc_lock)
/Applications/ArmGNUToolchain/13.3.rel1/arm-none-eabi/bin/../lib/gcc/arm-none-eabi/13.3.1/../../../../arm-none-eabi/lib/thumb/v7e-m+fp/hard/libc_nano.a(libc_a-stdio.o)
                              /Applications/ArmGNUToolchain/13.3.rel1/arm-none-eabi/bin/../lib/gcc/arm-none-eabi/13.3.1/../../../../arm-none-eabi/lib/thumb/v7e-m+fp/hard/libc_nano.a(libc_a-findfp.o) (__sread)
/Applications/ArmGNUToolchain/13.3.rel1/arm-none-eabi/bin/../lib/gcc/arm-none-eabi/13.3.1/../../../../arm-none-eabi/lib/thumb/v7e-m+fp/hard/libc_nano.a(libc_a-lseekr.o)
                              /Applications/ArmGNUToolchain/13.3.rel1/arm-none-eabi/bin/../lib/gcc/arm-none-eabi/13.3.1/../../../../arm-none-eabi/lib/thumb/v7e-m+fp/hard/libc_nano.a(libc_a-stdio.o) (_lseek_r)
/Applications/ArmGNUToolchain/13.3.rel1/arm-none-eabi/bin/../lib/gcc/arm-none-eabi/13.3.1/../../../../arm-none-eabi/lib/thumb/v7e-m+fp/hard/libc_nano.a(libc_a-readr.o)
                              /Applications/ArmGNUToolchain/13.3.rel1/arm-none-eabi/bin/../lib/gcc/arm-none-eabi/13.3.1/../../../../arm-none-eabi/lib/thumb/v7e-m+fp/hard/libc_nano.a(libc_a-stdio.o) (_read_r)
[...]
Memory Configuration

Name             Origin             Length             Attributes
RAM              0x20000000         0x00030000         xrw
CCMRAM           0x10000000         0x00010000         xrw
FLASH            0x08000000         0x00200000         xr
*default*        0x00000000         0xffffffff

Linker script and memory map

LOAD /Applications/ArmGNUToolchain/13.3.rel1/arm-none-eabi/bin/../lib/gcc/arm-none-eabi/13.3.1/thumb/v7e-m+fp/hard/crti.o
LOAD /Applications/ArmGNUToolchain/13.3.rel1/arm-none-eabi/bin/../lib/gcc/arm-none-eabi/13.3.1/thumb/v7e-m+fp/hard/crtbegin.o
LOAD /Applications/ArmGNUToolchain/13.3.rel1/arm-none-eabi/bin/../lib/gcc/arm-none-eabi/13.3.1/../../../../arm-none-eabi/lib/thumb/v7e-m+fp/hard/crt0.o
START GROUP
LOAD /Applications/ArmGNUToolchain/13.3.rel1/arm-none-eabi/bin/../lib/gcc/arm-none-eabi/13.3.1/../../../../arm-none-eabi/lib/thumb/v7e-m+fp/hard/libc_nano.a
LOAD /Applications/ArmGNUToolchain/13.3.rel1/arm-none-eabi/bin/../lib/gcc/arm-none-eabi/13.3.1/../../../../arm-none-eabi/lib/thumb/v7e-m+fp/hard/libm.a
END GROUP
LOAD CMakeFiles/DMA_exercise.dir/Core/Src/main.c.obj
LOAD CMakeFiles/DMA_exercise.dir/Core/Src/gpio.c.obj
LOAD CMakeFiles/DMA_exercise.dir/Core/Src/dma.c.obj
LOAD CMakeFiles/DMA_exercise.dir/Core/Src/usart.c.obj
LOAD CMakeFiles/DMA_exercise.dir/Core/Src/stm32f4xx_it.c.obj
LOAD CMakeFiles/DMA_exercise.dir/Core/Src/stm32f4xx_hal_msp.c.obj
LOAD CMakeFiles/DMA_exercise.dir/Drivers/STM32F4xx_HAL_Driver/Src/stm32f4xx_hal_tim.c.obj
LOAD CMakeFiles/DMA_exercise.dir/Drivers/STM32F4xx_HAL_Driver/Src/stm32f4xx_hal_tim_ex.c.obj
LOAD CMakeFiles/DMA_exercise.dir/Drivers/STM32F4xx_HAL_Driver/Src/stm32f4xx_hal_uart.c.obj
LOAD CMakeFiles/DMA_exercise.dir/Drivers/STM32F4xx_HAL_Driver/Src/stm32f4xx_hal_rcc.c.obj
LOAD CMakeFiles/DMA_exercise.dir/Drivers/STM32F4xx_HAL_Driver/Src/stm32f4xx_hal_rcc_ex.c.obj
LOAD CMakeFiles/DMA_exercise.dir/Drivers/STM32F4xx_HAL_Driver/Src/stm32f4xx_hal_flash.c.obj
LOAD CMakeFiles/DMA_exercise.dir/Drivers/STM32F4xx_HAL_Driver/Src/stm32f4xx_hal_flash_ex.c.obj
LOAD CMakeFiles/DMA_exercise.dir/Drivers/STM32F4xx_HAL_Driver/Src/stm32f4xx_hal_flash_ramfunc.c.obj
LOAD CMakeFiles/DMA_exercise.dir/Drivers/STM32F4xx_HAL_Driver/Src/stm32f4xx_hal_gpio.c.obj
LOAD CMakeFiles/DMA_exercise.dir/Drivers/STM32F4xx_HAL_Driver/Src/stm32f4xx_hal_dma_ex.c.obj
LOAD CMakeFiles/DMA_exercise.dir/Drivers/STM32F4xx_HAL_Driver/Src/stm32f4xx_hal_dma.c.obj
LOAD CMakeFiles/DMA_exercise.dir/Drivers/STM32F4xx_HAL_Driver/Src/stm32f4xx_hal_pwr.c.obj
LOAD CMakeFiles/DMA_exercise.dir/Drivers/STM32F4xx_HAL_Driver/Src/stm32f4xx_hal_pwr_ex.c.obj
LOAD CMakeFiles/DMA_exercise.dir/Drivers/STM32F4xx_HAL_Driver/Src/stm32f4xx_hal_cortex.c.obj
LOAD CMakeFiles/DMA_exercise.dir/Drivers/STM32F4xx_HAL_Driver/Src/stm32f4xx_hal.c.obj
LOAD CMakeFiles/DMA_exercise.dir/Drivers/STM32F4xx_HAL_Driver/Src/stm32f4xx_hal_exti.c.obj
LOAD CMakeFiles/DMA_exercise.dir/Core/Src/system_stm32f4xx.c.obj
LOAD CMakeFiles/DMA_exercise.dir/Core/Src/sysmem.c.obj
LOAD CMakeFiles/DMA_exercise.dir/Core/Src/syscalls.c.obj
LOAD CMakeFiles/DMA_exercise.dir/startup_stm32f427xx.s.obj
START GROUP
LOAD /Applications/ArmGNUToolchain/13.3.rel1/arm-none-eabi/bin/../lib/gcc/arm-none-eabi/13.3.1/thumb/v7e-m+fp/hard/libgcc.a
LOAD /Applications/ArmGNUToolchain/13.3.rel1/arm-none-eabi/bin/../lib/gcc/arm-none-eabi/13.3.1/../../../../arm-none-eabi/lib/thumb/v7e-m+fp/hard/libg_nano.a
LOAD /Applications/ArmGNUToolchain/13.3.rel1/arm-none-eabi/bin/../lib/gcc/arm-none-eabi/13.3.1/../../../../arm-none-eabi/lib/thumb/v7e-m+fp/hard/libc_nano.a
END GROUP
START GROUP
LOAD /Applications/ArmGNUToolchain/13.3.rel1/arm-none-eabi/bin/../lib/gcc/arm-none-eabi/13.3.1/thumb/v7e-m+fp/hard/libgcc.a
LOAD /Applications/ArmGNUToolchain/13.3.rel1/arm-none-eabi/bin/../lib/gcc/arm-none-eabi/13.3.1/../../../../arm-none-eabi/lib/thumb/v7e-m+fp/hard/libc_nano.a
END GROUP
LOAD /Applications/ArmGNUToolchain/13.3.rel1/arm-none-eabi/bin/../lib/gcc/arm-none-eabi/13.3.1/thumb/v7e-m+fp/hard/crtend.o
LOAD /Applications/ArmGNUToolchain/13.3.rel1/arm-none-eabi/bin/../lib/gcc/arm-none-eabi/13.3.1/thumb/v7e-m+fp/hard/crtn.o
                0x20030000                        _estack = (ORIGIN (RAM) + LENGTH (RAM))
                0x00000200                        _Min_Heap_Size = 0x200
                0x00000400                        _Min_Stack_Size = 0x400

.isr_vector     0x08000000      0x1ac
                0x08000000                        . = ALIGN (0x4)
 *(.isr_vector)
 .isr_vector    0x08000000      0x1ac CMakeFiles/DMA_exercise.dir/startup_stm32f427xx.s.obj
                0x08000000                g_pfnVectors
                0x080001ac                        . = ALIGN (0x4)

.text           0x080001ac     0x351c
                0x080001ac                        . = ALIGN (0x4)
 *(.text)
 .text          0x080001ac       0x30 /Applications/ArmGNUToolchain/13.3.rel1/arm-none-eabi/bin/../lib/gcc/arm-none-eabi/13.3.1/thumb/v7e-m+fp/hard/libgcc.a(_aeabi_uldivmod.o)
                0x080001ac                __aeabi_uldivmod
 .text          0x080001dc        0x4 /Applications/ArmGNUToolchain/13.3.rel1/arm-none-eabi/bin/../lib/gcc/arm-none-eabi/13.3.1/thumb/v7e-m+fp/hard/libgcc.a(_dvmd_tls.o)
                0x080001dc                __aeabi_ldiv0
                0x080001dc                __aeabi_idiv0
 *(.text*)
 .text.deregister_tm_clones
                0x080001e0       0x1c /Applications/ArmGNUToolchain/13.3.rel1/arm-none-eabi/bin/../lib/gcc/arm-none-eabi/13.3.1/thumb/v7e-m+fp/hard/crtbegin.o
 .text.register_tm_clones
                0x080001fc       0x24 /Applications/ArmGNUToolchain/13.3.rel1/arm-none-eabi/bin/../lib/gcc/arm-none-eabi/13.3.1/thumb/v7e-m+fp/hard/crtbegin.o
 .text.__do_global_dtors_aux
                0x08000220       0x28 /Applications/ArmGNUToolchain/13.3.rel1/arm-none-eabi/bin/../lib/gcc/arm-none-eabi/13.3.1/thumb/v7e-m+fp/hard/crtbegin.o
 .text.frame_dummy
                0x08000248       0x24 /Applications/ArmGNUToolchain/13.3.rel1/arm-none-eabi/bin/../lib/gcc/arm-none-eabi/13.3.1/thumb/v7e-m+fp/hard/crtbegin.o
 .text.memset   0x0800026c       0x10 /Applications/ArmGNUToolchain/13.3.rel1/arm-none-eabi/bin/../lib/gcc/arm-none-eabi/13.3.1/../../../../arm-none-eabi/lib/thumb/v7e-m+fp/hard/libc_nano.a(libc_a-memset.o)
                0x0800026c                memset
 .text.__libc_init_array
                0x0800027c       0x48 /Applications/ArmGNUToolchain/13.3.rel1/arm-none-eabi/bin/../lib/gcc/arm-none-eabi/13.3.1/../../../../arm-none-eabi/lib/thumb/v7e-m+fp/hard/libc_nano.a(libc_a-init.o)
                0x0800027c                __libc_init_array
 .text.HAL_UARTEx_RxEventCallback
                0x080002c4       0x50 CMakeFiles/DMA_exercise.dir/Core/Src/main.c.obj
                0x080002c4                HAL_UARTEx_RxEventCallback
 .text.main     0x08000314       0x44 CMakeFiles/DMA_exercise.dir/Core/Src/main.c.obj
                0x08000314                main
 .text.SystemClock_Config
                0x08000358       0xe0 CMakeFiles/DMA_exercise.dir/Core/Src/main.c.obj
                0x08000358                SystemClock_Config
 .text.Error_Handler
                0x08000438        0xc CMakeFiles/DMA_exercise.dir/Core/Src/main.c.obj
                0x08000438                Error_Handler
 .text.MX_GPIO_Init
                0x08000444       0x6c CMakeFiles/DMA_exercise.dir/Core/Src/gpio.c.obj
                0x08000444                MX_GPIO_Init
 .text.MX_DMA_Init
                0x080004b0       0x50 CMakeFiles/DMA_exercise.dir/Core/Src/dma.c.obj
                0x080004b0                MX_DMA_Init
 .text.MX_USART2_UART_Init
                0x08000500       0x54 CMakeFiles/DMA_exercise.dir/Core/Src/usart.c.obj
                0x08000500                MX_USART2_UART_Init
 .text.HAL_UART_MspInit
                0x08000554      0x168 CMakeFiles/DMA_exercise.dir/Core/Src/usart.c.obj
                0x08000554                HAL_UART_MspInit
 .text.NMI_Handler
                0x080006bc        0x8 CMakeFiles/DMA_exercise.dir/Core/Src/stm32f4xx_it.c.obj
                0x080006bc                NMI_Handler
 .text.HardFault_Handler
                0x080006c4        0x8 CMakeFiles/DMA_exercise.dir/Core/Src/stm32f4xx_it.c.obj
                0x080006c4                HardFault_Handler
 .text.MemManage_Handler
                0x080006cc        0x8 CMakeFiles/DMA_exercise.dir/Core/Src/stm32f4xx_it.c.obj
                0x080006cc                MemManage_Handler
 .text.BusFault_Handler
                0x080006d4        0x8 CMakeFiles/DMA_exercise.dir/Core/Src/stm32f4xx_it.c.obj
                0x080006d4                BusFault_Handler
 .text.UsageFault_Handler
                0x080006dc        0x8 CMakeFiles/DMA_exercise.dir/Core/Src/stm32f4xx_it.c.obj
                0x080006dc                UsageFault_Handler
 .text.SVC_Handler
                0x080006e4        0xe CMakeFiles/DMA_exercise.dir/Core/Src/stm32f4xx_it.c.obj
                0x080006e4                SVC_Handler
 .text.DebugMon_Handler
                0x080006f2        0xe CMakeFiles/DMA_exercise.dir/Core/Src/stm32f4xx_it.c.obj
                0x080006f2                DebugMon_Handler
 .text.PendSV_Handler
                0x08000700        0xe CMakeFiles/DMA_exercise.dir/Core/Src/stm32f4xx_it.c.obj
                0x08000700                PendSV_Handler
 .text.SysTick_Handler
                0x0800070e        0xc CMakeFiles/DMA_exercise.dir/Core/Src/stm32f4xx_it.c.obj
                0x0800070e                SysTick_Handler
 *fill*         0x0800071a        0x2 
 .text.DMA1_Stream5_IRQHandler
                0x0800071c       0x14 CMakeFiles/DMA_exercise.dir/Core/Src/stm32f4xx_it.c.obj
                0x0800071c                DMA1_Stream5_IRQHandler
 .text.DMA1_Stream6_IRQHandler
                0x08000730       0x14 CMakeFiles/DMA_exercise.dir/Core/Src/stm32f4xx_it.c.obj
                0x08000730                DMA1_Stream6_IRQHandler
 .text.USART2_IRQHandler
                0x08000744       0x14 CMakeFiles/DMA_exercise.dir/Core/Src/stm32f4xx_it.c.obj
                0x08000744                USART2_IRQHandler
 .text.HAL_MspInit
                0x08000758       0x50 CMakeFiles/DMA_exercise.dir/Core/Src/stm32f4xx_hal_msp.c.obj
                0x08000758                HAL_MspInit
 .text.HAL_UART_Init
                0x080007a8       0xa0 CMakeFiles/DMA_exercise.dir/Drivers/STM32F4xx_HAL_Driver/Src/stm32f4xx_hal_uart.c.obj
                0x080007a8                HAL_UART_Init
 .text.HAL_UART_Transmit_DMA
                0x08000848       0xe0 CMakeFiles/DMA_exercise.dir/Drivers/STM32F4xx_HAL_Driver/Src/stm32f4xx_hal_uart.c.obj
                0x08000848                HAL_UART_Transmit_DMA
 .text.HAL_UARTEx_ReceiveToIdle_DMA
                0x08000928       0xba CMakeFiles/DMA_exercise.dir/Drivers/STM32F4xx_HAL_Driver/Src/stm32f4xx_hal_uart.c.obj
                0x08000928                HAL_UARTEx_ReceiveToIdle_DMA
 *fill*         0x080009e2        0x2 
 .text.HAL_UART_IRQHandler
                0x080009e4      0x524 CMakeFiles/DMA_exercise.dir/Drivers/STM32F4xx_HAL_Driver/Src/stm32f4xx_hal_uart.c.obj
                0x080009e4                HAL_UART_IRQHandler
 .text.HAL_UART_TxCpltCallback
                0x08000f08       0x14 CMakeFiles/DMA_exercise.dir/Drivers/STM32F4xx_HAL_Driver/Src/stm32f4xx_hal_uart.c.obj
                0x08000f08                HAL_UART_TxCpltCallback
 .text.HAL_UART_TxHalfCpltCallback
                0x08000f1c       0x14 CMakeFiles/DMA_exercise.dir/Drivers/STM32F4xx_HAL_Driver/Src/stm32f4xx_hal_uart.c.obj
                0x08000f1c                HAL_UART_TxHalfCpltCallback
 .text.HAL_UART_RxCpltCallback
                0x08000f30       0x14 CMakeFiles/DMA_exercise.dir/Drivers/STM32F4xx_HAL_Driver/Src/stm32f4xx_hal_uart.c.obj
                0x08000f30                HAL_UART_RxCpltCallback
 .text.HAL_UART_RxHalfCpltCallback
                0x08000f44       0x14 CMakeFiles/DMA_exercise.dir/Drivers/STM32F4xx_HAL_Driver/Src/stm32f4xx_hal_uart.c.obj
                0x08000f44                HAL_UART_RxHalfCpltCallback
 .text.HAL_UART_ErrorCallback
                0x08000f58       0x14 CMakeFiles/DMA_exercise.dir/Drivers/STM32F4xx_HAL_Driver/Src/stm32f4xx_hal_uart.c.obj
                0x08000f58                HAL_UART_ErrorCallback
 .text.UART_DMATransmitCplt
                0x08000f6c       0x9a CMakeFiles/DMA_exercise.dir/Drivers/STM32F4xx_HAL_Driver/Src/stm32f4xx_hal_uart.c.obj
 .text.UART_DMATxHalfCplt
                0x08001006       0x1c CMakeFiles/DMA_exercise.dir/Drivers/STM32F4xx_HAL_Driver/Src/stm32f4xx_hal_uart.c.obj
 .text.UART_DMAReceiveCplt
                0x08001022      0x12c CMakeFiles/DMA_exercise.dir/Drivers/STM32F4xx_HAL_Driver/Src/stm32f4xx_hal_uart.c.obj
 .text.UART_DMARxHalfCplt
                0x0800114e       0x3c CMakeFiles/DMA_exercise.dir/Drivers/STM32F4xx_HAL_Driver/Src/stm32f4xx_hal_uart.c.obj
 .text.UART_DMAError
                0x0800118a       0x94 CMakeFiles/DMA_exercise.dir/Drivers/STM32F4xx_HAL_Driver/Src/stm32f4xx_hal_uart.c.obj
 *fill*         0x0800121e        0x2 
 .text.UART_Start_Receive_DMA
                0x08001220      0x134 CMakeFiles/DMA_exercise.dir/Drivers/STM32F4xx_HAL_Driver/Src/stm32f4xx_hal_uart.c.obj
                0x08001220                UART_Start_Receive_DMA
 .text.UART_EndTxTransfer
                0x08001354       0x50 CMakeFiles/DMA_exercise.dir/Drivers/STM32F4xx_HAL_Driver/Src/stm32f4xx_hal_uart.c.obj
 .text.UART_EndRxTransfer
                0x080013a4       0xc6 CMakeFiles/DMA_exercise.dir/Drivers/STM32F4xx_HAL_Driver/Src/stm32f4xx_hal_uart.c.obj
 .text.UART_DMAAbortOnError
                0x0800146a       0x28 CMakeFiles/DMA_exercise.dir/Drivers/STM32F4xx_HAL_Driver/Src/stm32f4xx_hal_uart.c.obj
 .text.UART_Transmit_IT
                0x08001492       0xa0 CMakeFiles/DMA_exercise.dir/Drivers/STM32F4xx_HAL_Driver/Src/stm32f4xx_hal_uart.c.obj
 .text.UART_EndTransmit_IT
                0x08001532       0x30 CMakeFiles/DMA_exercise.dir/Drivers/STM32F4xx_HAL_Driver/Src/stm32f4xx_hal_uart.c.obj
 .text.UART_Receive_IT
                0x08001562      0x17c CMakeFiles/DMA_exercise.dir/Drivers/STM32F4xx_HAL_Driver/Src/stm32f4xx_hal_uart.c.obj
 *fill*         0x080016de        0x2 
 .text.UART_SetConfig
                0x080016e0      0x4e8 CMakeFiles/DMA_exercise.dir/Drivers/STM32F4xx_HAL_Driver/Src/stm32f4xx_hal_uart.c.obj
 .text.HAL_RCC_OscConfig
                0x08001bc8      0x4f0 CMakeFiles/DMA_exercise.dir/Drivers/STM32F4xx_HAL_Driver/Src/stm32f4xx_hal_rcc.c.obj
                0x08001bc8                HAL_RCC_OscConfig
 .text.HAL_RCC_ClockConfig
                0x080020b8      0x1cc CMakeFiles/DMA_exercise.dir/Drivers/STM32F4xx_HAL_Driver/Src/stm32f4xx_hal_rcc.c.obj
                0x080020b8                HAL_RCC_ClockConfig
 .text.HAL_RCC_GetSysClockFreq
                0x08002284      0x18c CMakeFiles/DMA_exercise.dir/Drivers/STM32F4xx_HAL_Driver/Src/stm32f4xx_hal_rcc.c.obj
                0x08002284                HAL_RCC_GetSysClockFreq
 .text.HAL_RCC_GetHCLKFreq
                0x08002410       0x18 CMakeFiles/DMA_exercise.dir/Drivers/STM32F4xx_HAL_Driver/Src/stm32f4xx_hal_rcc.c.obj
                0x08002410                HAL_RCC_GetHCLKFreq
 .text.HAL_RCC_GetPCLK1Freq
                0x08002428       0x28 CMakeFiles/DMA_exercise.dir/Drivers/STM32F4xx_HAL_Driver/Src/stm32f4xx_hal_rcc.c.obj
                0x08002428                HAL_RCC_GetPCLK1Freq
 .text.HAL_RCC_GetPCLK2Freq
                0x08002450       0x28 CMakeFiles/DMA_exercise.dir/Drivers/STM32F4xx_HAL_Driver/Src/stm32f4xx_hal_rcc.c.obj
                0x08002450                HAL_RCC_GetPCLK2Freq
 .text.HAL_GPIO_Init
                0x08002478      0x358 CMakeFiles/DMA_exercise.dir/Drivers/STM32F4xx_HAL_Driver/Src/stm32f4xx_hal_gpio.c.obj
                0x08002478                HAL_GPIO_Init
 .text.HAL_DMA_Init
                0x080027d0      0x15c CMakeFiles/DMA_exercise.dir/Drivers/STM32F4xx_HAL_Driver/Src/stm32f4xx_hal_dma.c.obj
                0x080027d0                HAL_DMA_Init
 .text.HAL_DMA_Start_IT
                0x0800292c       0xb0 CMakeFiles/DMA_exercise.dir/Drivers/STM32F4xx_HAL_Driver/Src/stm32f4xx_hal_dma.c.obj
                0x0800292c                HAL_DMA_Start_IT
 .text.HAL_DMA_Abort
                0x080029dc       0xe0 CMakeFiles/DMA_exercise.dir/Drivers/STM32F4xx_HAL_Driver/Src/stm32f4xx_hal_dma.c.obj
                0x080029dc                HAL_DMA_Abort
 .text.HAL_DMA_Abort_IT
                0x08002abc       0x44 CMakeFiles/DMA_exercise.dir/Drivers/STM32F4xx_HAL_Driver/Src/stm32f4xx_hal_dma.c.obj
                0x08002abc                HAL_DMA_Abort_IT
 .text.HAL_DMA_IRQHandler
                0x08002b00      0x314 CMakeFiles/DMA_exercise.dir/Drivers/STM32F4xx_HAL_Driver/Src/stm32f4xx_hal_dma.c.obj
                0x08002b00                HAL_DMA_IRQHandler
 .text.DMA_SetConfig
                0x08002e14       0x5c CMakeFiles/DMA_exercise.dir/Drivers/STM32F4xx_HAL_Driver/Src/stm32f4xx_hal_dma.c.obj
 .text.DMA_CalcBaseAndBitshift
                0x08002e70       0x6c CMakeFiles/DMA_exercise.dir/Drivers/STM32F4xx_HAL_Driver/Src/stm32f4xx_hal_dma.c.obj
 .text.DMA_CheckFifoParam
                0x08002edc       0xf8 CMakeFiles/DMA_exercise.dir/Drivers/STM32F4xx_HAL_Driver/Src/stm32f4xx_hal_dma.c.obj
 .text.HAL_PWREx_EnableOverDrive
                0x08002fd4       0xa0 CMakeFiles/DMA_exercise.dir/Drivers/STM32F4xx_HAL_Driver/Src/stm32f4xx_hal_pwr_ex.c.obj
                0x08002fd4                HAL_PWREx_EnableOverDrive
 .text.__NVIC_SetPriorityGrouping
                0x08003074       0x48 CMakeFiles/DMA_exercise.dir/Drivers/STM32F4xx_HAL_Driver/Src/stm32f4xx_hal_cortex.c.obj
 .text.__NVIC_GetPriorityGrouping
                0x080030bc       0x1c CMakeFiles/DMA_exercise.dir/Drivers/STM32F4xx_HAL_Driver/Src/stm32f4xx_hal_cortex.c.obj
 .text.__NVIC_EnableIRQ
                0x080030d8       0x3c CMakeFiles/DMA_exercise.dir/Drivers/STM32F4xx_HAL_Driver/Src/stm32f4xx_hal_cortex.c.obj
 .text.__NVIC_SetPriority
                0x08003114       0x54 CMakeFiles/DMA_exercise.dir/Drivers/STM32F4xx_HAL_Driver/Src/stm32f4xx_hal_cortex.c.obj
 .text.NVIC_EncodePriority
                0x08003168       0x66 CMakeFiles/DMA_exercise.dir/Drivers/STM32F4xx_HAL_Driver/Src/stm32f4xx_hal_cortex.c.obj
 *fill*         0x080031ce        0x2 
 .text.SysTick_Config
                0x080031d0       0x44 CMakeFiles/DMA_exercise.dir/Drivers/STM32F4xx_HAL_Driver/Src/stm32f4xx_hal_cortex.c.obj
 .text.HAL_NVIC_SetPriorityGrouping
                0x08003214       0x16 CMakeFiles/DMA_exercise.dir/Drivers/STM32F4xx_HAL_Driver/Src/stm32f4xx_hal_cortex.c.obj
                0x08003214                HAL_NVIC_SetPriorityGrouping
 .text.HAL_NVIC_SetPriority
                0x0800322a       0x38 CMakeFiles/DMA_exercise.dir/Drivers/STM32F4xx_HAL_Driver/Src/stm32f4xx_hal_cortex.c.obj
                0x0800322a                HAL_NVIC_SetPriority
 .text.HAL_NVIC_EnableIRQ
                0x08003262       0x1c CMakeFiles/DMA_exercise.dir/Drivers/STM32F4xx_HAL_Driver/Src/stm32f4xx_hal_cortex.c.obj
                0x08003262                HAL_NVIC_EnableIRQ
 .text.HAL_SYSTICK_Config
                0x0800327e       0x18 CMakeFiles/DMA_exercise.dir/Drivers/STM32F4xx_HAL_Driver/Src/stm32f4xx_hal_cortex.c.obj
                0x0800327e                HAL_SYSTICK_Config
 *fill*         0x08003296        0x2 
 .text.HAL_Init
                0x08003298       0x44 CMakeFiles/DMA_exercise.dir/Drivers/STM32F4xx_HAL_Driver/Src/stm32f4xx_hal.c.obj
                0x08003298                HAL_Init
 .text.HAL_InitTick
                0x080032dc       0x60 CMakeFiles/DMA_exercise.dir/Drivers/STM32F4xx_HAL_Driver/Src/stm32f4xx_hal.c.obj
                0x080032dc                HAL_InitTick
 .text.HAL_IncTick
                0x0800333c       0x28 CMakeFiles/DMA_exercise.dir/Drivers/STM32F4xx_HAL_Driver/Src/stm32f4xx_hal.c.obj
                0x0800333c                HAL_IncTick
 .text.HAL_GetTick
                0x08003364       0x18 CMakeFiles/DMA_exercise.dir/Drivers/STM32F4xx_HAL_Driver/Src/stm32f4xx_hal.c.obj
                0x08003364                HAL_GetTick
 .text.SystemInit
                0x0800337c       0x24 CMakeFiles/DMA_exercise.dir/Core/Src/system_stm32f4xx.c.obj
                0x0800337c                SystemInit
 .text.Reset_Handler
                0x080033a0       0x50 CMakeFiles/DMA_exercise.dir/startup_stm32f427xx.s.obj
                0x080033a0                Reset_Handler
 .text.Default_Handler
                0x080033f0        0x2 CMakeFiles/DMA_exercise.dir/startup_stm32f427xx.s.obj
                0x080033f0                DMA1_Stream3_IRQHandler
                0x080033f0                HASH_RNG_IRQHandler
                0x080033f0                EXTI2_IRQHandler
                0x080033f0                TIM8_CC_IRQHandler
                0x080033f0                UART8_IRQHandler
                0x080033f0                SPI4_IRQHandler
                0x080033f0                TIM1_CC_IRQHandler
                0x080033f0                DMA2_Stream5_IRQHandler
                0x080033f0                PVD_IRQHandler
                0x080033f0                SDIO_IRQHandler
                0x080033f0                TAMP_STAMP_IRQHandler
                0x080033f0                CAN2_RX1_IRQHandler
                0x080033f0                EXTI3_IRQHandler
                0x080033f0                TIM8_TRG_COM_TIM14_IRQHandler
                0x080033f0                TIM1_UP_TIM10_IRQHandler
                0x080033f0                TIM8_UP_TIM13_IRQHandler
                0x080033f0                I2C3_ER_IRQHandler
                0x080033f0                EXTI0_IRQHandler
                0x080033f0                I2C2_EV_IRQHandler
                0x080033f0                DMA1_Stream2_IRQHandler
                0x080033f0                CAN1_RX0_IRQHandler
                0x080033f0                FPU_IRQHandler
                0x080033f0                OTG_HS_WKUP_IRQHandler
                0x080033f0                CAN2_SCE_IRQHandler
                0x080033f0                DMA2_Stream2_IRQHandler
                0x080033f0                SPI1_IRQHandler
                0x080033f0                TIM6_DAC_IRQHandler
                0x080033f0                TIM1_BRK_TIM9_IRQHandler
                0x080033f0                DCMI_IRQHandler
                0x080033f0                CAN2_RX0_IRQHandler
                0x080033f0                DMA2_Stream3_IRQHandler
                0x080033f0                USART6_IRQHandler
                0x080033f0                USART3_IRQHandler
                0x080033f0                CAN1_RX1_IRQHandler
                0x080033f0                UART5_IRQHandler
                0x080033f0                DMA2_Stream0_IRQHandler
                0x080033f0                TIM4_IRQHandler
                0x080033f0                I2C1_EV_IRQHandler
                0x080033f0                DMA1_Stream1_IRQHandler
                0x080033f0                UART4_IRQHandler
                0x080033f0                TIM3_IRQHandler
                0x080033f0                RCC_IRQHandler
                0x080033f0                TIM8_BRK_TIM12_IRQHandler
                0x080033f0                Default_Handler
                0x080033f0                EXTI15_10_IRQHandler
                0x080033f0                ADC_IRQHandler
                0x080033f0                DMA1_Stream7_IRQHandler
                0x080033f0                SPI5_IRQHandler
                0x080033f0                TIM7_IRQHandler
                0x080033f0                CAN2_TX_IRQHandler
                0x080033f0                TIM5_IRQHandler
                0x080033f0                DMA2_Stream7_IRQHandler
                0x080033f0                I2C3_EV_IRQHandler
                0x080033f0                EXTI9_5_IRQHandler
                0x080033f0                RTC_WKUP_IRQHandler
                0x080033f0                ETH_WKUP_IRQHandler
                0x080033f0                SPI2_IRQHandler
                0x080033f0                OTG_HS_EP1_IN_IRQHandler
                0x080033f0                DMA1_Stream0_IRQHandler
                0x080033f0                CAN1_TX_IRQHandler
                0x080033f0                EXTI4_IRQHandler
                0x080033f0                ETH_IRQHandler
                0x080033f0                OTG_HS_EP1_OUT_IRQHandler
                0x080033f0                WWDG_IRQHandler
                0x080033f0                SPI6_IRQHandler
                0x080033f0                TIM2_IRQHandler
                0x080033f0                OTG_FS_WKUP_IRQHandler
                0x080033f0                TIM1_TRG_COM_TIM11_IRQHandler
                0x080033f0                OTG_HS_IRQHandler
                0x080033f0                DMA2D_IRQHandler
                0x080033f0                EXTI1_IRQHandler
                0x080033f0                UART7_IRQHandler
                0x080033f0                I2C2_ER_IRQHandler
                0x080033f0                DMA2_Stream1_IRQHandler
                0x080033f0                CAN1_SCE_IRQHandler
                0x080033f0                FLASH_IRQHandler
                0x080033f0                DMA2_Stream4_IRQHandler
                0x080033f0                USART1_IRQHandler
                0x080033f0                OTG_FS_IRQHandler
                0x080033f0                SPI3_IRQHandler
                0x080033f0                DMA1_Stream4_IRQHandler
                0x080033f0                I2C1_ER_IRQHandler
                0x080033f0                FMC_IRQHandler
                0x080033f0                DMA2_Stream6_IRQHandler
                0x080033f0                SAI1_IRQHandler
                0x080033f0                RTC_Alarm_IRQHandler
 *fill*         0x080033f2        0x2 
 .text.__udivmoddi4
                0x080033f4      0x2bc /Applications/ArmGNUToolchain/13.3.rel1/arm-none-eabi/bin/../lib/gcc/arm-none-eabi/13.3.1/thumb/v7e-m+fp/hard/libgcc.a(_udivmoddi4.o)
                0x080033f4                __udivmoddi4
 *(.glue_7)
 .glue_7        0x080036b0        0x0 linker stubs
 *(.glue_7t)
 .glue_7t       0x080036b0        0x0 linker stubs
 *(.eh_frame)
 .eh_frame      0x080036b0        0x0 /Applications/ArmGNUToolchain/13.3.rel1/arm-none-eabi/bin/../lib/gcc/arm-none-eabi/13.3.1/thumb/v7e-m+fp/hard/crtbegin.o
 *(.init)
 .init          0x080036b0        0x4 /Applications/ArmGNUToolchain/13.3.rel1/arm-none-eabi/bin/../lib/gcc/arm-none-eabi/13.3.1/thumb/v7e-m+fp/hard/crti.o
                0x080036b0                _init
 .init          0x080036b4        0x8 /Applications/ArmGNUToolchain/13.3.rel1/arm-none-eabi/bin/../lib/gcc/arm-none-eabi/13.3.1/thumb/v7e-m+fp/hard/crtn.o
 *(.fini)
 .fini          0x080036bc        0x4 /Applications/ArmGNUToolchain/13.3.rel1/arm-none-eabi/bin/../lib/gcc/arm-none-eabi/13.3.1/thumb/v7e-m+fp/hard/crti.o
                0x080036bc                _fini
 .fini          0x080036c0        0x8 /Applications/ArmGNUToolchain/13.3.rel1/arm-none-eabi/bin/../lib/gcc/arm-none-eabi/13.3.1/thumb/v7e-m+fp/hard/crtn.o
                0x080036c8                        . = ALIGN (0x4)
                0x080036c8                        _etext = .

.vfp11_veneer   0x080036c8        0x0
 .vfp11_veneer  0x080036c8        0x0 linker stubs

.v4_bx          0x080036c8        0x0
 .v4_bx         0x080036c8        0x0 linker stubs

.iplt           0x080036c8        0x0
 .iplt          0x080036c8        0x0 /Applications/ArmGNUToolchain/13.3.rel1/arm-none-eabi/bin/../lib/gcc/arm-none-eabi/13.3.1/thumb/v7e-m+fp/hard/crtbegin.o

.rodata         0x080036c8       0x20
                0x080036c8                        . = ALIGN (0x4)
 *(.rodata)
 *(.rodata*)
 .rodata.flagBitshiftOffset.0
                0x080036c8        0x8 CMakeFiles/DMA_exercise.dir/Drivers/STM32F4xx_HAL_Driver/Src/stm32f4xx_hal_dma.c.obj
 .rodata.AHBPrescTable
                0x080036d0       0x10 CMakeFiles/DMA_exercise.dir/Core/Src/system_stm32f4xx.c.obj
                0x080036d0                AHBPrescTable
 .rodata.APBPrescTable
                0x080036e0        0x8 CMakeFiles/DMA_exercise.dir/Core/Src/system_stm32f4xx.c.obj
                0x080036e0                APBPrescTable
                0x080036e8                        . = ALIGN (0x4)

.ARM.extab
 *(.ARM.extab* .gnu.linkonce.armextab.*)

.ARM            0x080036e8        0x8
                0x080036e8                        __exidx_start = .
 *(.ARM.exidx*)
 .ARM.exidx.text.__udivmoddi4
                0x080036e8        0x8 /Applications/ArmGNUToolchain/13.3.rel1/arm-none-eabi/bin/../lib/gcc/arm-none-eabi/13.3.1/thumb/v7e-m+fp/hard/libgcc.a(_udivmoddi4.o)
                0x080036f0                        __exidx_end = .

.rel.dyn        0x080036f0        0x0
 .rel.iplt      0x080036f0        0x0 /Applications/ArmGNUToolchain/13.3.rel1/arm-none-eabi/bin/../lib/gcc/arm-none-eabi/13.3.1/thumb/v7e-m+fp/hard/crtbegin.o

.preinit_array  0x080036f0        0x0
                0x080036f0                        PROVIDE (__preinit_array_start = .)
 *(.preinit_array*)
                0x080036f0                        PROVIDE (__preinit_array_end = .)

.init_array     0x080036f0        0x4
                0x080036f0                        PROVIDE (__init_array_start = .)
 *(SORT_BY_NAME(.init_array.*))
 *(.init_array*)
 .init_array    0x080036f0        0x4 /Applications/ArmGNUToolchain/13.3.rel1/arm-none-eabi/bin/../lib/gcc/arm-none-eabi/13.3.1/thumb/v7e-m+fp/hard/crtbegin.o
                0x080036f4                        PROVIDE (__init_array_end = .)

.fini_array     0x080036f4        0x4
                [!provide]                        PROVIDE (__fini_array_start = .)
 *(SORT_BY_NAME(.fini_array.*))
 *(.fini_array*)
 .fini_array    0x080036f4        0x4 /Applications/ArmGNUToolchain/13.3.rel1/arm-none-eabi/bin/../lib/gcc/arm-none-eabi/13.3.1/thumb/v7e-m+fp/hard/crtbegin.o
                [!provide]                        PROVIDE (__fini_array_end = .)
                0x080036f8                        _sidata = LOADADDR (.data)

.data           0x20000000        0xc load address 0x080036f8
                0x20000000                        . = ALIGN (0x4)
                0x20000000                        _sdata = .
 *(.data)
 *(.data*)
 .data.uwTickPrio
                0x20000000        0x4 CMakeFiles/DMA_exercise.dir/Drivers/STM32F4xx_HAL_Driver/Src/stm32f4xx_hal.c.obj
                0x20000000                uwTickPrio
 .data.uwTickFreq
                0x20000004        0x1 CMakeFiles/DMA_exercise.dir/Drivers/STM32F4xx_HAL_Driver/Src/stm32f4xx_hal.c.obj
                0x20000004                uwTickFreq
 *fill*         0x20000005        0x3 
 .data.SystemCoreClock
                0x20000008        0x4 CMakeFiles/DMA_exercise.dir/Core/Src/system_stm32f4xx.c.obj
                0x20000008                SystemCoreClock
                0x2000000c                        . = ALIGN (0x4)
                0x2000000c                        _edata = .
                0x08003704                        _siccmram = LOADADDR (.ccmram)

.tm_clone_table
                0x2000000c        0x0 load address 0x08003704
 .tm_clone_table
                0x2000000c        0x0 /Applications/ArmGNUToolchain/13.3.rel1/arm-none-eabi/bin/../lib/gcc/arm-none-eabi/13.3.1/thumb/v7e-m+fp/hard/crtbegin.o
 .tm_clone_table
                0x2000000c        0x0 /Applications/ArmGNUToolchain/13.3.rel1/arm-none-eabi/bin/../lib/gcc/arm-none-eabi/13.3.1/thumb/v7e-m+fp/hard/crtend.o

.igot.plt       0x2000000c        0x0 load address 0x08003704
 .igot.plt      0x2000000c        0x0 /Applications/ArmGNUToolchain/13.3.rel1/arm-none-eabi/bin/../lib/gcc/arm-none-eabi/13.3.1/thumb/v7e-m+fp/hard/crtbegin.o

.ccmram         0x10000000        0x0 load address 0x08003704
                0x10000000                        . = ALIGN (0x4)
                0x10000000                        _sccmram = .
 *(.ccmram)
 *(.ccmram*)
                0x10000000                        . = ALIGN (0x4)
                0x10000000                        _eccmram = .
                0x10000000                        . = ALIGN (0x4)

.bss            0x2000000c      0x1a8
                0x2000000c                        _sbss = .
                0x2000000c                        __bss_start__ = _sbss
 *(.bss)
 *(.bss*)
 .bss.completed.1
                0x2000000c        0x1 /Applications/ArmGNUToolchain/13.3.rel1/arm-none-eabi/bin/../lib/gcc/arm-none-eabi/13.3.1/thumb/v7e-m+fp/hard/crtbegin.o
 *fill*         0x2000000d        0x3 
 .bss.object.0  0x20000010       0x18 /Applications/ArmGNUToolchain/13.3.rel1/arm-none-eabi/bin/../lib/gcc/arm-none-eabi/13.3.1/thumb/v7e-m+fp/hard/crtbegin.o
 .bss.receiveData
                0x20000028       0x80 CMakeFiles/DMA_exercise.dir/Core/Src/main.c.obj
                0x20000028                receiveData
 .bss.huart2    0x200000a8       0x48 CMakeFiles/DMA_exercise.dir/Core/Src/usart.c.obj
                0x200000a8                huart2
 .bss.hdma_usart2_rx
                0x200000f0       0x60 CMakeFiles/DMA_exercise.dir/Core/Src/usart.c.obj
                0x200000f0                hdma_usart2_rx
 .bss.hdma_usart2_tx
                0x20000150       0x60 CMakeFiles/DMA_exercise.dir/Core/Src/usart.c.obj
                0x20000150                hdma_usart2_tx
 .bss.uwTick    0x200001b0        0x4 CMakeFiles/DMA_exercise.dir/Drivers/STM32F4xx_HAL_Driver/Src/stm32f4xx_hal.c.obj
                0x200001b0                uwTick
 *(COMMON)
                0x200001b4                        . = ALIGN (0x4)
                0x200001b4                        _ebss = .
                0x200001b4                        __bss_end__ = _ebss

._user_heap_stack
                0x200001b4      0x604
                0x200001b8                        . = ALIGN (0x8)
 *fill*         0x200001b4        0x4 
                [!provide]                        PROVIDE (end = .)
                0x200001b8                        PROVIDE (_end = .)
                0x200003b8                        . = (. + _Min_Heap_Size)
 *fill*         0x200001b8      0x200 
                0x200007b8                        . = (. + _Min_Stack_Size)
 *fill*         0x200003b8      0x400 
                0x200007b8                        . = ALIGN (0x8)

/DISCARD/
 libc.a(*)
 libm.a(*)
 libgcc.a(*)

.ARM.attributes
                0x00000000       0x30
 *(.ARM.attributes)
 .ARM.attributes
                0x00000000       0x22 /Applications/ArmGNUToolchain/13.3.rel1/arm-none-eabi/bin/../lib/gcc/arm-none-eabi/13.3.1/thumb/v7e-m+fp/hard/crti.o
 .ARM.attributes
                0x00000022       0x34 /Applications/ArmGNUToolchain/13.3.rel1/arm-none-eabi/bin/../lib/gcc/arm-none-eabi/13.3.1/thumb/v7e-m+fp/hard/crtbegin.o
 .ARM.attributes
                0x00000056       0x34 /Applications/ArmGNUToolchain/13.3.rel1/arm-none-eabi/bin/../lib/gcc/arm-none-eabi/13.3.1/../../../../arm-none-eabi/lib/thumb/v7e-m+fp/hard/libc_nano.a(libc_a-memset.o)
 .ARM.attributes
                0x0000008a       0x34 /Applications/ArmGNUToolchain/13.3.rel1/arm-none-eabi/bin/../lib/gcc/arm-none-eabi/13.3.1/../../../../arm-none-eabi/lib/thumb/v7e-m+fp/hard/libc_nano.a(libc_a-init.o)
 .ARM.attributes
                0x000000be       0x34 CMakeFiles/DMA_exercise.dir/Core/Src/main.c.obj
 .ARM.attributes
                0x000000f2       0x34 CMakeFiles/DMA_exercise.dir/Core/Src/gpio.c.obj
 .ARM.attributes
                0x00000126       0x34 CMakeFiles/DMA_exercise.dir/Core/Src/dma.c.obj
 .ARM.attributes
                0x0000015a       0x34 CMakeFiles/DMA_exercise.dir/Core/Src/usart.c.obj
 .ARM.attributes
                0x0000018e       0x34 CMakeFiles/DMA_exercise.dir/Core/Src/stm32f4xx_it.c.obj
 .ARM.attributes
                0x000001c2       0x34 CMakeFiles/DMA_exercise.dir/Core/Src/stm32f4xx_hal_msp.c.obj
 .ARM.attributes
                0x000001f6       0x34 CMakeFiles/DMA_exercise.dir/Drivers/STM32F4xx_HAL_Driver/Src/stm32f4xx_hal_uart.c.obj
 .ARM.attributes
                0x0000022a       0x34 CMakeFiles/DMA_exercise.dir/Drivers/STM32F4xx_HAL_Driver/Src/stm32f4xx_hal_rcc.c.obj
 .ARM.attributes
                0x0000025e       0x34 CMakeFiles/DMA_exercise.dir/Drivers/STM32F4xx_HAL_Driver/Src/stm32f4xx_hal_gpio.c.obj
 .ARM.attributes
                0x00000292       0x34 CMakeFiles/DMA_exercise.dir/Drivers/STM32F4xx_HAL_Driver/Src/stm32f4xx_hal_dma.c.obj
 .ARM.attributes
                0x000002c6       0x34 CMakeFiles/DMA_exercise.dir/Drivers/STM32F4xx_HAL_Driver/Src/stm32f4xx_hal_pwr_ex.c.obj
 .ARM.attributes
                0x000002fa       0x34 CMakeFiles/DMA_exercise.dir/Drivers/STM32F4xx_HAL_Driver/Src/stm32f4xx_hal_cortex.c.obj
 .ARM.attributes
                0x0000032e       0x34 CMakeFiles/DMA_exercise.dir/Drivers/STM32F4xx_HAL_Driver/Src/stm32f4xx_hal.c.obj
 .ARM.attributes
                0x00000362       0x34 CMakeFiles/DMA_exercise.dir/Core/Src/system_stm32f4xx.c.obj
 .ARM.attributes
                0x00000396       0x21 CMakeFiles/DMA_exercise.dir/startup_stm32f427xx.s.obj
 .ARM.attributes
                0x000003b7       0x22 /Applications/ArmGNUToolchain/13.3.rel1/arm-none-eabi/bin/../lib/gcc/arm-none-eabi/13.3.1/thumb/v7e-m+fp/hard/libgcc.a(_aeabi_uldivmod.o)
 .ARM.attributes
                0x000003d9       0x34 /Applications/ArmGNUToolchain/13.3.rel1/arm-none-eabi/bin/../lib/gcc/arm-none-eabi/13.3.1/thumb/v7e-m+fp/hard/libgcc.a(_udivmoddi4.o)
 .ARM.attributes
                0x0000040d       0x22 /Applications/ArmGNUToolchain/13.3.rel1/arm-none-eabi/bin/../lib/gcc/arm-none-eabi/13.3.1/thumb/v7e-m+fp/hard/libgcc.a(_dvmd_tls.o)
 .ARM.attributes
                0x0000042f       0x34 /Applications/ArmGNUToolchain/13.3.rel1/arm-none-eabi/bin/../lib/gcc/arm-none-eabi/13.3.1/thumb/v7e-m+fp/hard/crtend.o
 .ARM.attributes
                0x00000463       0x22 /Applications/ArmGNUToolchain/13.3.rel1/arm-none-eabi/bin/../lib/gcc/arm-none-eabi/13.3.1/thumb/v7e-m+fp/hard/crtn.o
OUTPUT(DMA_exercise.elf elf32-littlearm)
LOAD linker stubs
LOAD /Applications/ArmGNUToolchain/13.3.rel1/arm-none-eabi/bin/../lib/gcc/arm-none-eabi/13.3.1/../../../../arm-none-eabi/lib/thumb/v7e-m+fp/hard/libc.a
LOAD /Applications/ArmGNUToolchain/13.3.rel1/arm-none-eabi/bin/../lib/gcc/arm-none-eabi/13.3.1/../../../../arm-none-eabi/lib/thumb/v7e-m+fp/hard/libm.a
LOAD /Applications/ArmGNUToolchain/13.3.rel1/arm-none-eabi/bin/../lib/gcc/arm-none-eabi/13.3.1/thumb/v7e-m+fp/hard/libgcc.a

.debug_frame    0x00000000     0x1cec
 .debug_frame   0x00000000       0x20 /Applications/ArmGNUToolchain/13.3.rel1/arm-none-eabi/bin/../lib/gcc/arm-none-eabi/13.3.1/../../../../arm-none-eabi/lib/thumb/v7e-m+fp/hard/libc_nano.a(libc_a-memset.o)
 .debug_frame   0x00000020       0x2c /Applications/ArmGNUToolchain/13.3.rel1/arm-none-eabi/bin/../lib/gcc/arm-none-eabi/13.3.1/../../../../arm-none-eabi/lib/thumb/v7e-m+fp/hard/libc_nano.a(libc_a-init.o)
 .debug_frame   0x0000004c       0x8c CMakeFiles/DMA_exercise.dir/Core/Src/main.c.obj
 .debug_frame   0x000000d8       0x38 CMakeFiles/DMA_exercise.dir/Core/Src/gpio.c.obj
 .debug_frame   0x00000110       0x34 CMakeFiles/DMA_exercise.dir/Core/Src/dma.c.obj
 .debug_frame   0x00000144       0x74 CMakeFiles/DMA_exercise.dir/Core/Src/usart.c.obj
 .debug_frame   0x000001b8      0x158 CMakeFiles/DMA_exercise.dir/Core/Src/stm32f4xx_it.c.obj
 .debug_frame   0x00000310       0x38 CMakeFiles/DMA_exercise.dir/Core/Src/stm32f4xx_hal_msp.c.obj
 .debug_frame   0x00000348      0x954 CMakeFiles/DMA_exercise.dir/Drivers/STM32F4xx_HAL_Driver/Src/stm32f4xx_hal_uart.c.obj
 .debug_frame   0x00000c9c      0x1f4 CMakeFiles/DMA_exercise.dir/Drivers/STM32F4xx_HAL_Driver/Src/stm32f4xx_hal_rcc.c.obj
 .debug_frame   0x00000e90      0x14c CMakeFiles/DMA_exercise.dir/Drivers/STM32F4xx_HAL_Driver/Src/stm32f4xx_hal_gpio.c.obj
 .debug_frame   0x00000fdc      0x250 CMakeFiles/DMA_exercise.dir/Drivers/STM32F4xx_HAL_Driver/Src/stm32f4xx_hal_dma.c.obj
 .debug_frame   0x0000122c      0x14c CMakeFiles/DMA_exercise.dir/Drivers/STM32F4xx_HAL_Driver/Src/stm32f4xx_hal_pwr_ex.c.obj
 .debug_frame   0x00001378      0x508 CMakeFiles/DMA_exercise.dir/Drivers/STM32F4xx_HAL_Driver/Src/stm32f4xx_hal_cortex.c.obj
 .debug_frame   0x00001880      0x3b4 CMakeFiles/DMA_exercise.dir/Drivers/STM32F4xx_HAL_Driver/Src/stm32f4xx_hal.c.obj
 .debug_frame   0x00001c34       0x58 CMakeFiles/DMA_exercise.dir/Core/Src/system_stm32f4xx.c.obj
 .debug_frame   0x00001c8c       0x2c /Applications/ArmGNUToolchain/13.3.rel1/arm-none-eabi/bin/../lib/gcc/arm-none-eabi/13.3.1/thumb/v7e-m+fp/hard/libgcc.a(_aeabi_uldivmod.o)
 .debug_frame   0x00001cb8       0x34 /Applications/ArmGNUToolchain/13.3.rel1/arm-none-eabi/bin/../lib/gcc/arm-none-eabi/13.3.1/thumb/v7e-m+fp/hard/libgcc.a(_udivmoddi4.o)

.debug_info     0x00000000     0x9263
 .debug_info    0x00000000      0xa57 CMakeFiles/DMA_exercise.dir/Core/Src/main.c.obj
 .debug_info    0x00000a57      0x29c CMakeFiles/DMA_exercise.dir/Core/Src/gpio.c.obj
 .debug_info    0x00000cf3      0x4ef CMakeFiles/DMA_exercise.dir/Core/Src/dma.c.obj
 .debug_info    0x000011e2      0xc24 CMakeFiles/DMA_exercise.dir/Core/Src/usart.c.obj
 .debug_info    0x00001e06      0x684 CMakeFiles/DMA_exercise.dir/Core/Src/stm32f4xx_it.c.obj
 .debug_info    0x0000248a      0x281 CMakeFiles/DMA_exercise.dir/Core/Src/stm32f4xx_hal_msp.c.obj
 .debug_info    0x0000270b     0x2f4f CMakeFiles/DMA_exercise.dir/Drivers/STM32F4xx_HAL_Driver/Src/stm32f4xx_hal_uart.c.obj
 .debug_info    0x0000565a      0x8c7 CMakeFiles/DMA_exercise.dir/Drivers/STM32F4xx_HAL_Driver/Src/stm32f4xx_hal_rcc.c.obj
 .debug_info    0x00005f21      0x6db CMakeFiles/DMA_exercise.dir/Drivers/STM32F4xx_HAL_Driver/Src/stm32f4xx_hal_gpio.c.obj
 .debug_info    0x000065fc      0x8e7 CMakeFiles/DMA_exercise.dir/Drivers/STM32F4xx_HAL_Driver/Src/stm32f4xx_hal_dma.c.obj
 .debug_info    0x00006ee3      0x6be CMakeFiles/DMA_exercise.dir/Drivers/STM32F4xx_HAL_Driver/Src/stm32f4xx_hal_pwr_ex.c.obj
 .debug_info    0x000075a1      0xdb6 CMakeFiles/DMA_exercise.dir/Drivers/STM32F4xx_HAL_Driver/Src/stm32f4xx_hal_cortex.c.obj
 .debug_info    0x00008357      0x9ae CMakeFiles/DMA_exercise.dir/Drivers/STM32F4xx_HAL_Driver/Src/stm32f4xx_hal.c.obj
 .debug_info    0x00008d05      0x52e CMakeFiles/DMA_exercise.dir/Core/Src/system_stm32f4xx.c.obj
 .debug_info    0x00009233       0x30 CMakeFiles/DMA_exercise.dir/startup_stm32f427xx.s.obj

.debug_abbrev   0x00000000     0x1ad8
 .debug_abbrev  0x00000000      0x23d CMakeFiles/DMA_exercise.dir/Core/Src/main.c.obj
 .debug_abbrev  0x0000023d       0xd8 CMakeFiles/DMA_exercise.dir/Core/Src/gpio.c.obj
 .debug_abbrev  0x00000315      0x10e CMakeFiles/DMA_exercise.dir/Core/Src/dma.c.obj
 .debug_abbrev  0x00000423      0x22d CMakeFiles/DMA_exercise.dir/Core/Src/usart.c.obj
 .debug_abbrev  0x00000650      0x175 CMakeFiles/DMA_exercise.dir/Core/Src/stm32f4xx_it.c.obj
 .debug_abbrev  0x000007c5       0xd8 CMakeFiles/DMA_exercise.dir/Core/Src/stm32f4xx_hal_msp.c.obj
 .debug_abbrev  0x0000089d      0x30e CMakeFiles/DMA_exercise.dir/Drivers/STM32F4xx_HAL_Driver/Src/stm32f4xx_hal_uart.c.obj
 .debug_abbrev  0x00000bab      0x2b7 CMakeFiles/DMA_exercise.dir/Drivers/STM32F4xx_HAL_Driver/Src/stm32f4xx_hal_rcc.c.obj
 .debug_abbrev  0x00000e62      0x1d4 CMakeFiles/DMA_exercise.dir/Drivers/STM32F4xx_HAL_Driver/Src/stm32f4xx_hal_gpio.c.obj
 .debug_abbrev  0x00001036      0x264 CMakeFiles/DMA_exercise.dir/Drivers/STM32F4xx_HAL_Driver/Src/stm32f4xx_hal_dma.c.obj
 .debug_abbrev  0x0000129a      0x1cf CMakeFiles/DMA_exercise.dir/Drivers/STM32F4xx_HAL_Driver/Src/stm32f4xx_hal_pwr_ex.c.obj
 .debug_abbrev  0x00001469      0x31d CMakeFiles/DMA_exercise.dir/Drivers/STM32F4xx_HAL_Driver/Src/stm32f4xx_hal_cortex.c.obj
 .debug_abbrev  0x00001786      0x214 CMakeFiles/DMA_exercise.dir/Drivers/STM32F4xx_HAL_Driver/Src/stm32f4xx_hal.c.obj
 .debug_abbrev  0x0000199a      0x11a CMakeFiles/DMA_exercise.dir/Core/Src/system_stm32f4xx.c.obj
 .debug_abbrev  0x00001ab4       0x24 CMakeFiles/DMA_exercise.dir/startup_stm32f427xx.s.obj

.debug_aranges  0x00000000      0x798
 .debug_aranges
                0x00000000       0x38 CMakeFiles/DMA_exercise.dir/Core/Src/main.c.obj
 .debug_aranges
                0x00000038       0x20 CMakeFiles/DMA_exercise.dir/Core/Src/gpio.c.obj
 .debug_aranges
                0x00000058       0x20 CMakeFiles/DMA_exercise.dir/Core/Src/dma.c.obj
 .debug_aranges
                0x00000078       0x30 CMakeFiles/DMA_exercise.dir/Core/Src/usart.c.obj
 .debug_aranges
                0x000000a8       0x78 CMakeFiles/DMA_exercise.dir/Core/Src/stm32f4xx_it.c.obj
 .debug_aranges
                0x00000120       0x20 CMakeFiles/DMA_exercise.dir/Core/Src/stm32f4xx_hal_msp.c.obj
 .debug_aranges
                0x00000140      0x208 CMakeFiles/DMA_exercise.dir/Drivers/STM32F4xx_HAL_Driver/Src/stm32f4xx_hal_uart.c.obj
 .debug_aranges
                0x00000348       0x88 CMakeFiles/DMA_exercise.dir/Drivers/STM32F4xx_HAL_Driver/Src/stm32f4xx_hal_rcc.c.obj
 .debug_aranges
                0x000003d0       0x58 CMakeFiles/DMA_exercise.dir/Drivers/STM32F4xx_HAL_Driver/Src/stm32f4xx_hal_gpio.c.obj
 .debug_aranges
                0x00000428       0x90 CMakeFiles/DMA_exercise.dir/Drivers/STM32F4xx_HAL_Driver/Src/stm32f4xx_hal_dma.c.obj
 .debug_aranges
                0x000004b8       0x60 CMakeFiles/DMA_exercise.dir/Drivers/STM32F4xx_HAL_Driver/Src/stm32f4xx_hal_pwr_ex.c.obj
 .debug_aranges
                0x00000518      0x130 CMakeFiles/DMA_exercise.dir/Drivers/STM32F4xx_HAL_Driver/Src/stm32f4xx_hal_cortex.c.obj
 .debug_aranges
                0x00000648      0x100 CMakeFiles/DMA_exercise.dir/Drivers/STM32F4xx_HAL_Driver/Src/stm32f4xx_hal.c.obj
 .debug_aranges
                0x00000748       0x28 CMakeFiles/DMA_exercise.dir/Core/Src/system_stm32f4xx.c.obj
 .debug_aranges
                0x00000770       0x28 CMakeFiles/DMA_exercise.dir/startup_stm32f427xx.s.obj

.debug_rnglists
                0x00000000      0x5ba
 .debug_rnglists
                0x00000000       0x26 CMakeFiles/DMA_exercise.dir/Core/Src/main.c.obj
 .debug_rnglists
                0x00000026       0x13 CMakeFiles/DMA_exercise.dir/Core/Src/gpio.c.obj
 .debug_rnglists
                0x00000039       0x13 CMakeFiles/DMA_exercise.dir/Core/Src/dma.c.obj
 .debug_rnglists
                0x0000004c       0x20 CMakeFiles/DMA_exercise.dir/Core/Src/usart.c.obj
 .debug_rnglists
                0x0000006c       0x55 CMakeFiles/DMA_exercise.dir/Core/Src/stm32f4xx_it.c.obj
 .debug_rnglists
                0x000000c1       0x13 CMakeFiles/DMA_exercise.dir/Core/Src/stm32f4xx_hal_msp.c.obj
 .debug_rnglists
                0x000000d4      0x1bc CMakeFiles/DMA_exercise.dir/Drivers/STM32F4xx_HAL_Driver/Src/stm32f4xx_hal_uart.c.obj
 .debug_rnglists
                0x00000290       0x66 CMakeFiles/DMA_exercise.dir/Drivers/STM32F4xx_HAL_Driver/Src/stm32f4xx_hal_rcc.c.obj
 .debug_rnglists
                0x000002f6       0x3f CMakeFiles/DMA_exercise.dir/Drivers/STM32F4xx_HAL_Driver/Src/stm32f4xx_hal_gpio.c.obj
 .debug_rnglists
                0x00000335       0x70 CMakeFiles/DMA_exercise.dir/Drivers/STM32F4xx_HAL_Driver/Src/stm32f4xx_hal_dma.c.obj
 .debug_rnglists
                0x000003a5       0x47 CMakeFiles/DMA_exercise.dir/Drivers/STM32F4xx_HAL_Driver/Src/stm32f4xx_hal_pwr_ex.c.obj
 .debug_rnglists
                0x000003ec       0xe0 CMakeFiles/DMA_exercise.dir/Drivers/STM32F4xx_HAL_Driver/Src/stm32f4xx_hal_cortex.c.obj
 .debug_rnglists
                0x000004cc       0xbb CMakeFiles/DMA_exercise.dir/Drivers/STM32F4xx_HAL_Driver/Src/stm32f4xx_hal.c.obj
 .debug_rnglists
                0x00000587       0x1a CMakeFiles/DMA_exercise.dir/Core/Src/system_stm32f4xx.c.obj
 .debug_rnglists
                0x000005a1       0x19 CMakeFiles/DMA_exercise.dir/startup_stm32f427xx.s.obj

.debug_macro    0x00000000    0x21c12
 .debug_macro   0x00000000      0x1e6 CMakeFiles/DMA_exercise.dir/Core/Src/main.c.obj
 .debug_macro   0x000001e6      0xad8 CMakeFiles/DMA_exercise.dir/Core/Src/main.c.obj
 .debug_macro   0x00000cbe      0x295 CMakeFiles/DMA_exercise.dir/Core/Src/main.c.obj
 .debug_macro   0x00000f53       0x2e CMakeFiles/DMA_exercise.dir/Core/Src/main.c.obj
 .debug_macro   0x00000f81       0x28 CMakeFiles/DMA_exercise.dir/Core/Src/main.c.obj
 .debug_macro   0x00000fa9       0x22 CMakeFiles/DMA_exercise.dir/Core/Src/main.c.obj
 .debug_macro   0x00000fcb       0x8e CMakeFiles/DMA_exercise.dir/Core/Src/main.c.obj
 .debug_macro   0x00001059       0x51 CMakeFiles/DMA_exercise.dir/Core/Src/main.c.obj
 .debug_macro   0x000010aa      0x103 CMakeFiles/DMA_exercise.dir/Core/Src/main.c.obj
 .debug_macro   0x000011ad       0x6a CMakeFiles/DMA_exercise.dir/Core/Src/main.c.obj
 .debug_macro   0x00001217      0x1df CMakeFiles/DMA_exercise.dir/Core/Src/main.c.obj
 .debug_macro   0x000013f6       0x1c CMakeFiles/DMA_exercise.dir/Core/Src/main.c.obj
 .debug_macro   0x00001412       0x22 CMakeFiles/DMA_exercise.dir/Core/Src/main.c.obj
 .debug_macro   0x00001434       0xfb CMakeFiles/DMA_exercise.dir/Core/Src/main.c.obj
 .debug_macro   0x0000152f     0x1011 CMakeFiles/DMA_exercise.dir/Core/Src/main.c.obj
 .debug_macro   0x00002540      0x11f CMakeFiles/DMA_exercise.dir/Core/Src/main.c.obj
 .debug_macro   0x0000265f    0x178b5 CMakeFiles/DMA_exercise.dir/Core/Src/main.c.obj
 .debug_macro   0x00019f14       0x6d CMakeFiles/DMA_exercise.dir/Core/Src/main.c.obj
 .debug_macro   0x00019f81     0x3711 CMakeFiles/DMA_exercise.dir/Core/Src/main.c.obj
 .debug_macro   0x0001d692      0x190 CMakeFiles/DMA_exercise.dir/Core/Src/main.c.obj
 .debug_macro   0x0001d822       0x5c CMakeFiles/DMA_exercise.dir/Core/Src/main.c.obj
 .debug_macro   0x0001d87e      0xc82 CMakeFiles/DMA_exercise.dir/Core/Src/main.c.obj
 .debug_macro   0x0001e500      0x9e9 CMakeFiles/DMA_exercise.dir/Core/Src/main.c.obj
 .debug_macro   0x0001eee9      0x115 CMakeFiles/DMA_exercise.dir/Core/Src/main.c.obj
 .debug_macro   0x0001effe      0x16f CMakeFiles/DMA_exercise.dir/Core/Src/main.c.obj
 .debug_macro   0x0001f16d       0xa5 CMakeFiles/DMA_exercise.dir/Core/Src/main.c.obj
 .debug_macro   0x0001f212      0x182 CMakeFiles/DMA_exercise.dir/Core/Src/main.c.obj
 .debug_macro   0x0001f394      0x287 CMakeFiles/DMA_exercise.dir/Core/Src/main.c.obj
 .debug_macro   0x0001f61b       0x5f CMakeFiles/DMA_exercise.dir/Core/Src/main.c.obj
 .debug_macro   0x0001f67a      0x236 CMakeFiles/DMA_exercise.dir/Core/Src/main.c.obj
 .debug_macro   0x0001f8b0      0x132 CMakeFiles/DMA_exercise.dir/Core/Src/main.c.obj
 .debug_macro   0x0001f9e2      0x41d CMakeFiles/DMA_exercise.dir/Core/Src/main.c.obj
 .debug_macro   0x0001fdff       0x2e CMakeFiles/DMA_exercise.dir/Core/Src/main.c.obj
 .debug_macro   0x0001fe2d      0x127 CMakeFiles/DMA_exercise.dir/Core/Src/main.c.obj
 .debug_macro   0x0001ff54       0xe2 CMakeFiles/DMA_exercise.dir/Core/Src/main.c.obj
 .debug_macro   0x00020036       0x89 CMakeFiles/DMA_exercise.dir/Core/Src/main.c.obj
 .debug_macro   0x000200bf      0x2aa CMakeFiles/DMA_exercise.dir/Core/Src/main.c.obj
 .debug_macro   0x00020369      0x134 CMakeFiles/DMA_exercise.dir/Core/Src/main.c.obj
 .debug_macro   0x0002049d      0x1ce CMakeFiles/DMA_exercise.dir/Core/Src/gpio.c.obj
 .debug_macro   0x0002066b      0x1ce CMakeFiles/DMA_exercise.dir/Core/Src/dma.c.obj
 .debug_macro   0x00020839      0x1ce CMakeFiles/DMA_exercise.dir/Core/Src/usart.c.obj
 .debug_macro   0x00020a07      0x1ce CMakeFiles/DMA_exercise.dir/Core/Src/stm32f4xx_it.c.obj
 .debug_macro   0x00020bd5      0x1c4 CMakeFiles/DMA_exercise.dir/Core/Src/stm32f4xx_hal_msp.c.obj
 .debug_macro   0x00020d99      0x1bb CMakeFiles/DMA_exercise.dir/Drivers/STM32F4xx_HAL_Driver/Src/stm32f4xx_hal_uart.c.obj
 .debug_macro   0x00020f54      0x1de CMakeFiles/DMA_exercise.dir/Drivers/STM32F4xx_HAL_Driver/Src/stm32f4xx_hal_rcc.c.obj
 .debug_macro   0x00021132      0x1c0 CMakeFiles/DMA_exercise.dir/Drivers/STM32F4xx_HAL_Driver/Src/stm32f4xx_hal_gpio.c.obj
 .debug_macro   0x000212f2      0x1c0 CMakeFiles/DMA_exercise.dir/Drivers/STM32F4xx_HAL_Driver/Src/stm32f4xx_hal_dma.c.obj
 .debug_macro   0x000214b2      0x1d2 CMakeFiles/DMA_exercise.dir/Drivers/STM32F4xx_HAL_Driver/Src/stm32f4xx_hal_pwr_ex.c.obj
 .debug_macro   0x00021684      0x1ba CMakeFiles/DMA_exercise.dir/Drivers/STM32F4xx_HAL_Driver/Src/stm32f4xx_hal_cortex.c.obj
 .debug_macro   0x0002183e      0x21a CMakeFiles/DMA_exercise.dir/Drivers/STM32F4xx_HAL_Driver/Src/stm32f4xx_hal.c.obj
 .debug_macro   0x00021a58      0x1ba CMakeFiles/DMA_exercise.dir/Core/Src/system_stm32f4xx.c.obj

.debug_line     0x00000000     0x9a78
 .debug_line    0x00000000      0x729 CMakeFiles/DMA_exercise.dir/Core/Src/main.c.obj
 .debug_line    0x00000729      0x66a CMakeFiles/DMA_exercise.dir/Core/Src/gpio.c.obj
 .debug_line    0x00000d93      0x66a CMakeFiles/DMA_exercise.dir/Core/Src/dma.c.obj
 .debug_line    0x000013fd      0x733 CMakeFiles/DMA_exercise.dir/Core/Src/usart.c.obj
 .debug_line    0x00001b30      0x763 CMakeFiles/DMA_exercise.dir/Core/Src/stm32f4xx_it.c.obj
 .debug_line    0x00002293      0x66d CMakeFiles/DMA_exercise.dir/Core/Src/stm32f4xx_hal_msp.c.obj
 .debug_line    0x00002900     0x246d CMakeFiles/DMA_exercise.dir/Drivers/STM32F4xx_HAL_Driver/Src/stm32f4xx_hal_uart.c.obj
 .debug_line    0x00004d6d      0xd6b CMakeFiles/DMA_exercise.dir/Drivers/STM32F4xx_HAL_Driver/Src/stm32f4xx_hal_rcc.c.obj
 .debug_line    0x00005ad8      0xade CMakeFiles/DMA_exercise.dir/Drivers/STM32F4xx_HAL_Driver/Src/stm32f4xx_hal_gpio.c.obj
 .debug_line    0x000065b6      0xeca CMakeFiles/DMA_exercise.dir/Drivers/STM32F4xx_HAL_Driver/Src/stm32f4xx_hal_dma.c.obj
 .debug_line    0x00007480      0x8cb CMakeFiles/DMA_exercise.dir/Drivers/STM32F4xx_HAL_Driver/Src/stm32f4xx_hal_pwr_ex.c.obj
 .debug_line    0x00007d4b      0xc2e CMakeFiles/DMA_exercise.dir/Drivers/STM32F4xx_HAL_Driver/Src/stm32f4xx_hal_cortex.c.obj
 .debug_line    0x00008979      0x994 CMakeFiles/DMA_exercise.dir/Drivers/STM32F4xx_HAL_Driver/Src/stm32f4xx_hal.c.obj
 .debug_line    0x0000930d      0x6f1 CMakeFiles/DMA_exercise.dir/Core/Src/system_stm32f4xx.c.obj
 .debug_line    0x000099fe       0x7a CMakeFiles/DMA_exercise.dir/startup_stm32f427xx.s.obj

.debug_str      0x00000000    0xcbe3a
 .debug_str     0x00000000    0xcbe3a CMakeFiles/DMA_exercise.dir/Core/Src/main.c.obj
                              0xc9ec2 (size before relaxing)
 .debug_str     0x000cbe3a    0xc97d1 CMakeFiles/DMA_exercise.dir/Core/Src/gpio.c.obj
 .debug_str     0x000cbe3a    0xc9d3b CMakeFiles/DMA_exercise.dir/Core/Src/dma.c.obj
 .debug_str     0x000cbe3a    0xca314 CMakeFiles/DMA_exercise.dir/Core/Src/usart.c.obj
 .debug_str     0x000cbe3a    0xc9c55 CMakeFiles/DMA_exercise.dir/Core/Src/stm32f4xx_it.c.obj
 .debug_str     0x000cbe3a    0xc97d1 CMakeFiles/DMA_exercise.dir/Core/Src/stm32f4xx_hal_msp.c.obj
 .debug_str     0x000cbe3a    0xca283 CMakeFiles/DMA_exercise.dir/Drivers/STM32F4xx_HAL_Driver/Src/stm32f4xx_hal_uart.c.obj
 .debug_str     0x000cbe3a    0xc9cb5 CMakeFiles/DMA_exercise.dir/Drivers/STM32F4xx_HAL_Driver/Src/stm32f4xx_hal_rcc.c.obj
 .debug_str     0x000cbe3a    0xc99fc CMakeFiles/DMA_exercise.dir/Drivers/STM32F4xx_HAL_Driver/Src/stm32f4xx_hal_gpio.c.obj
 .debug_str     0x000cbe3a    0xc9c88 CMakeFiles/DMA_exercise.dir/Drivers/STM32F4xx_HAL_Driver/Src/stm32f4xx_hal_dma.c.obj
 .debug_str     0x000cbe3a    0xc9a59 CMakeFiles/DMA_exercise.dir/Drivers/STM32F4xx_HAL_Driver/Src/stm32f4xx_hal_pwr_ex.c.obj
 .debug_str     0x000cbe3a    0xca1bb CMakeFiles/DMA_exercise.dir/Drivers/STM32F4xx_HAL_Driver/Src/stm32f4xx_hal_cortex.c.obj
 .debug_str     0x000cbe3a    0xca48d CMakeFiles/DMA_exercise.dir/Drivers/STM32F4xx_HAL_Driver/Src/stm32f4xx_hal.c.obj
 .debug_str     0x000cbe3a    0xc9881 CMakeFiles/DMA_exercise.dir/Core/Src/system_stm32f4xx.c.obj
 .debug_str     0x000cbe3a       0x98 CMakeFiles/DMA_exercise.dir/startup_stm32f427xx.s.obj

.comment        0x00000000       0x45
 .comment       0x00000000       0x45 CMakeFiles/DMA_exercise.dir/Core/Src/main.c.obj
                                 0x46 (size before relaxing)
 .comment       0x00000045       0x46 CMakeFiles/DMA_exercise.dir/Core/Src/gpio.c.obj
 .comment       0x00000045       0x46 CMakeFiles/DMA_exercise.dir/Core/Src/dma.c.obj
 .comment       0x00000045       0x46 CMakeFiles/DMA_exercise.dir/Core/Src/usart.c.obj
 .comment       0x00000045       0x46 CMakeFiles/DMA_exercise.dir/Core/Src/stm32f4xx_it.c.obj
 .comment       0x00000045       0x46 CMakeFiles/DMA_exercise.dir/Core/Src/stm32f4xx_hal_msp.c.obj
 .comment       0x00000045       0x46 CMakeFiles/DMA_exercise.dir/Drivers/STM32F4xx_HAL_Driver/Src/stm32f4xx_hal_uart.c.obj
 .comment       0x00000045       0x46 CMakeFiles/DMA_exercise.dir/Drivers/STM32F4xx_HAL_Driver/Src/stm32f4xx_hal_rcc.c.obj
 .comment       0x00000045       0x46 CMakeFiles/DMA_exercise.dir/Drivers/STM32F4xx_HAL_Driver/Src/stm32f4xx_hal_gpio.c.obj
 .comment       0x00000045       0x46 CMakeFiles/DMA_exercise.dir/Drivers/STM32F4xx_HAL_Driver/Src/stm32f4xx_hal_dma.c.obj
 .comment       0x00000045       0x46 CMakeFiles/DMA_exercise.dir/Drivers/STM32F4xx_HAL_Driver/Src/stm32f4xx_hal_pwr_ex.c.obj
 .comment       0x00000045       0x46 CMakeFiles/DMA_exercise.dir/Drivers/STM32F4xx_HAL_Driver/Src/stm32f4xx_hal_cortex.c.obj
 .comment       0x00000045       0x46 CMakeFiles/DMA_exercise.dir/Drivers/STM32F4xx_HAL_Driver/Src/stm32f4xx_hal.c.obj
 .comment       0x00000045       0x46 CMakeFiles/DMA_exercise.dir/Core/Src/system_stm32f4xx.c.obj

.debug_line_str
                0x00000000      0x15a
 .debug_line_str
                0x00000000      0x15a CMakeFiles/DMA_exercise.dir/startup_stm32f427xx.s.obj
                                 0x7c (size before relaxing)
 .debug_line_str
                0x0000015a       0xd2 /Applications/ArmGNUToolchain/13.3.rel1/arm-none-eabi/bin/../lib/gcc/arm-none-eabi/13.3.1/thumb/v7e-m+fp/hard/libgcc.a(_aeabi_uldivmod.o)
 .debug_line_str
                0x0000015a       0xd6 /Applications/ArmGNUToolchain/13.3.rel1/arm-none-eabi/bin/../lib/gcc/arm-none-eabi/13.3.1/thumb/v7e-m+fp/hard/libgcc.a(_dvmd_tls.o)
